// Jest Snapshot v1, https://goo.gl/fbAQLP

exports[`Testing in <FirstApp /> should match with the snapshot 1`] = `
<div>
  <h1
    data-testid="test-title"
  >
     
    Hola soy el titulo
     
  </h1>
  <p>
    No hay subtítulo
  </p>
  <p>
    No hay subtítulo
  </p>
  <p>
    Fernando Herrera
  </p>
</div>
`;
